{
  "RootPath": "/",
  "Nodes": [
    {
      "Node": "Active",
      "Data": "1",
      "Metadata": {"Type": "number"}
    },
    {
      "Node": "Agent_Name",
      "Data": "10.51.1.131"
    },
    {
      "Node": "DL_Password",
      "Data": "adm1nDLpr0d"
    },
    {
      "Node": "DL_URL",
      "Data": "https://dataloader-prod.lattice-engines.com/Dataloader_PLS"
    },
    {
      "Node": "DL_User",
      "Data": "admin.dataloader@lattice-engines.com"
    },
    {
      "Node": "DanteManifestPath",
      "Data": ""
    },
    {
      "Node": "DanteTool_Path",
      "Data": ""
    },
    {
      "Node": "Dante_Queue_Name",
      "Data": ""
    },
    {
      "Node": "DataLoaderTools_Path",
      "Data": ""
    },
    {
      "Node": "Data_ArchivePath",
      "Data": ""
    },
    {
      "Node": "Data_LaunchPath",
      "Data": ""
    },
    {
      "Node": "ImmediateFolderStruct",
      "Data": "DanteTesting\\Immediate"
    },
    {
      "Node": "JAMSUser",
      "Data": "PROD\\s-jams"
    },
    {
      "Node": "LoadGroupList",
      "Data": ""
    },
    {
      "Node": "NotificationEmail",
      "Data": ""
    },
    {
      "Node": "NotifyEmailJob",
      "Data": "DataLoader\\DL Omnibus\\DL_NOTIFY_EMAIL"
    },
    {
      "Node": "Queue_Name",
      "Data": ""
    },
    {
      "Node": "ScheduledFolderStruct",
      "Data": "DataLoader\\DL TEST\\Scheduled Jobs"
    },
    {
      "Node": "Tenant",
      "Data": ""
    },
    {
      "Node": "TenantType",
      "Data": "P"
    },
    {
      "Node": "WeekdaySchedule_Name",
      "Data": ""
    }
  ]
}