{
  "RootPath": "/",
  "Nodes": [
    {
    "Node":"FakeCurrentDate",
    "Data": ""
    }
  ]
}
