{
  "RootPath": "/",
  "Nodes": [
    { "Node": "ConfigFilePath", "Data": "/etc/ledp/config.json", "Metadata": {"Type":"path"} }
  ]
}