{
  "RootPath": "/",
  "Nodes": [
    {
      "Node": "BypassDnBCache",
      "Data": "false",
      "Metadata": {
        "Type": "boolean",
        "Required": false
      }
    }
  ]
}
