{
  "RootPath": "/",
  "Nodes": [
    { "Node": "Config1", "Data": "1", "Metadata": {"Type":"options","Options":["1","2","3"]}},
    { "Node": "Config2", "Data": "{\"property1\":\"value1\",\"property2\":\"value2\"}", "Metadata": {"Type": "object"}},
    { "Node": "Config3", "Data": "string"},
    { "Node": "Config4", "Data": "true", "Metadata": {"Type": "boolean"}},
    { "Node": "Config5",
      "Children" : [
        { "Node" : "Config5.1", "Data": "value5.1"},
        { "Node" : "Config5.2", "Data": "value5.2"}
      ]
    }
  ]
}