{"RootPath":"/","Nodes":[{"Node":"FeaturesThreshold","Data":"-1","Metadata":{"Type":"number","Required":false}}]}