{
  "RootPath": "/",
  "Nodes": [
    {
      "Node": "DL",
      "Children": [
        {
          "Node": "DataStore",
          "Data": "",
          "Metadata" : {"Type": "options", "Options": [], "DynamicOptions": true }
        },
        {
          "Node": "OwnerEmail",
          "Data": "richard.liu@lattice-engines.com"
        }
      ]
    },
    {
      "Node": "TenantAlias",
      "Data": ""
    },
    {
      "Node": "VisiDB",
      "Children": [
        {
          "Node": "CacheLimit",
          "Data": "8192",
          "Metadata": {
            "Type": "number"
          }
        },
        {
          "Node": "CaseSensitive",
          "Data": "false",
          "Metadata": {
            "Type": "boolean"
          }
        },
        {
          "Node": "CreateNewVisiDB",
          "Data": "true",
          "Metadata": {
            "Type": "boolean"
          }
        },
        {
          "Node": "DiskspaceLimit",
          "Data": "0",
          "Metadata": {
            "Type": "number"
          }
        },
        {
          "Node": "PermanentStore",
          "Data": "D:\\VisiDB\\PermenantStore",
          "Metadata" : { "Type": "options", "Options": ["D:\\VisiDB\\PermanentStore"] }
        },
        {
          "Node": "PermanentStoreOption",
          "Data": "Master",
          "Metadata": {
            "Type": "options",
            "Options": [
              "Master",
              "StandAlone"
            ]
          }
        },
        {
          "Node": "ServerName",
          "Data": "bodcdevvint207",
          "Metadata": {
            "Type": "options",
            "Options": [
              "bodcdevvint207",
              "bodcdevvint187"
            ]
          }
        },
        {
          "Node": "VisiDBFileDirectory",
          "Data": ""
        },
        {
          "Node": "VisiDBName",
          "Data": ""
        }
      ]
    }
  ]
}